============================= test session starts ==============================
platform linux -- Python 3.12.3, pytest-9.0.3, pluggy-1.6.0 -- /mnt/c/Users/kubog/OneDrive/Počítač/FIT/SOL/.venv/bin/python3
cachedir: .pytest_cache
rootdir: /home/j2kub/SOL
collecting ... collected 0 items

============================ no tests ran in 0.01s =============================
