============================= test session starts ==============================
platform linux -- Python 3.12.3, pytest-9.0.3, pluggy-1.6.0 -- /mnt/c/Users/kubog/OneDrive/Počítač/FIT/SOL/.venv/bin/python3
cachedir: .pytest_cache
rootdir: /home/j2kub/SOL/tests
collecting ... collected 26 items

test_integration.py::test_integration[01_empty_main] FAILED              [  3%]
test_integration.py::test_integration[02_transcript_show] FAILED         [  7%]
test_integration.py::test_integration[03_missing_main] FAILED            [ 11%]
test_integration.py::test_integration[04_unknown_message] FAILED         [ 15%]
test_integration.py::test_integration[05_integer_arithmetic] FAILED      [ 19%]
test_integration.py::test_integration[06_inheritance] FAILED             [ 23%]
test_integration.py::test_integration[07_attribute_collision] FAILED     [ 26%]
test_integration.py::test_integration[08_string_concat] FAILED           [ 30%]
test_integration.py::test_integration[09_division_by_zero] FAILED        [ 34%]
test_integration.py::test_integration[10_modulo_by_zero] FAILED          [ 38%]
test_integration.py::test_integration[11_uninitialized_variable] FAILED  [ 42%]
test_integration.py::test_integration[12_missing_run_method] FAILED      [ 46%]
test_integration.py::test_integration[13_duplicate_class] FAILED         [ 50%]
test_integration.py::test_integration[14_assign_to_param] FAILED         [ 53%]
test_integration.py::test_integration[15_unknown_parent_class] FAILED    [ 57%]
test_integration.py::test_integration[16_while_true_loop] FAILED         [ 61%]
test_integration.py::test_integration[17_times_repeat] FAILED            [ 65%]
test_integration.py::test_integration[18_times_repeat_zero] FAILED       [ 69%]
test_integration.py::test_integration[19_super_dispatch] FAILED          [ 73%]
test_integration.py::test_integration[20_closure_capture] FAILED         [ 76%]
test_integration.py::test_integration[21_string_asinteger_invalid] FAILED [ 80%]
test_integration.py::test_integration[22_block_wrong_arity] FAILED       [ 84%]
test_integration.py::test_integration[23_integer_negative] FAILED        [ 88%]
test_integration.py::test_integration[24_string_substring] FAILED        [ 92%]
test_integration.py::test_integration[25_super_on_object] FAILED         [ 96%]
test_integration.py::test_integration[26_ifnil_ifnotnil] FAILED          [100%]

=================================== FAILURES ===================================
_______________________ test_integration[01_empty_main] ________________________

name = '01_empty_main'
test_path = PosixPath('/home/j2kub/SOL/tests/integration/01_empty_main.test')

    @pytest.mark.parametrize(
        "name,test_path",
        _CASES,
        ids=[c[0] for c in _CASES],
    )
    def test_integration(name: str, test_path: Path) -> None:
        """Run a single SOL26 integration test and check exit code + stdout."""
        expected_exit, xml_input = parse_test_file(test_path)
    
        result = subprocess.run(
            [sys.executable, str(INTERPRETER)],
            input=xml_input,
            capture_output=True,
            text=True,
            timeout=10,
        )
    
>       assert result.returncode == expected_exit, (
            f"Exit code mismatch:\n"
            f"  expected : {expected_exit}\n"
            f"  actual   : {result.returncode}\n"
            f"  stderr   : {result.stderr.strip()}"
        )
E       AssertionError: Exit code mismatch:
E           expected : 0
E           actual   : 10
E           stderr   : usage: solint.py [-h] -s SOURCE [-i INPUT] [-v]
E         solint.py: error: the following arguments are required: -s/--source
E         Error 10 (GENERAL_OPTIONS)
E       assert 10 == 0
E        +  where 10 = CompletedProcess(args=['/mnt/c/Users/kubog/OneDrive/Počítač/FIT/SOL/.venv/bin/python3', '/home/j2kub/SOL/python/int/src/solint.py'], returncode=10, stdout='', stderr='usage: solint.py [-h] -s SOURCE [-i INPUT] [-v]\nsolint.py: error: the following arguments are required: -s/--source\nError 10 (GENERAL_OPTIONS)\n').returncode

test_integration.py:48: AssertionError
_____________________ test_integration[02_transcript_show] _____________________

name = '02_transcript_show'
test_path = PosixPath('/home/j2kub/SOL/tests/integration/02_transcript_show.test')

    @pytest.mark.parametrize(
        "name,test_path",
        _CASES,
        ids=[c[0] for c in _CASES],
    )
    def test_integration(name: str, test_path: Path) -> None:
        """Run a single SOL26 integration test and check exit code + stdout."""
        expected_exit, xml_input = parse_test_file(test_path)
    
        result = subprocess.run(
            [sys.executable, str(INTERPRETER)],
            input=xml_input,
            capture_output=True,
            text=True,
            timeout=10,
        )
    
>       assert result.returncode == expected_exit, (
            f"Exit code mismatch:\n"
            f"  expected : {expected_exit}\n"
            f"  actual   : {result.returncode}\n"
            f"  stderr   : {result.stderr.strip()}"
        )
E       AssertionError: Exit code mismatch:
E           expected : 0
E           actual   : 10
E           stderr   : usage: solint.py [-h] -s SOURCE [-i INPUT] [-v]
E         solint.py: error: the following arguments are required: -s/--source
E         Error 10 (GENERAL_OPTIONS)
E       assert 10 == 0
E        +  where 10 = CompletedProcess(args=['/mnt/c/Users/kubog/OneDrive/Počítač/FIT/SOL/.venv/bin/python3', '/home/j2kub/SOL/python/int/src/solint.py'], returncode=10, stdout='', stderr='usage: solint.py [-h] -s SOURCE [-i INPUT] [-v]\nsolint.py: error: the following arguments are required: -s/--source\nError 10 (GENERAL_OPTIONS)\n').returncode

test_integration.py:48: AssertionError
______________________ test_integration[03_missing_main] _______________________

name = '03_missing_main'
test_path = PosixPath('/home/j2kub/SOL/tests/integration/03_missing_main.test')

    @pytest.mark.parametrize(
        "name,test_path",
        _CASES,
        ids=[c[0] for c in _CASES],
    )
    def test_integration(name: str, test_path: Path) -> None:
        """Run a single SOL26 integration test and check exit code + stdout."""
        expected_exit, xml_input = parse_test_file(test_path)
    
        result = subprocess.run(
            [sys.executable, str(INTERPRETER)],
            input=xml_input,
            capture_output=True,
            text=True,
            timeout=10,
        )
    
>       assert result.returncode == expected_exit, (
            f"Exit code mismatch:\n"
            f"  expected : {expected_exit}\n"
            f"  actual   : {result.returncode}\n"
            f"  stderr   : {result.stderr.strip()}"
        )
E       AssertionError: Exit code mismatch:
E           expected : 31
E           actual   : 10
E           stderr   : usage: solint.py [-h] -s SOURCE [-i INPUT] [-v]
E         solint.py: error: the following arguments are required: -s/--source
E         Error 10 (GENERAL_OPTIONS)
E       assert 10 == 31
E        +  where 10 = CompletedProcess(args=['/mnt/c/Users/kubog/OneDrive/Počítač/FIT/SOL/.venv/bin/python3', '/home/j2kub/SOL/python/int/src/solint.py'], returncode=10, stdout='', stderr='usage: solint.py [-h] -s SOURCE [-i INPUT] [-v]\nsolint.py: error: the following arguments are required: -s/--source\nError 10 (GENERAL_OPTIONS)\n').returncode

test_integration.py:48: AssertionError
_____________________ test_integration[04_unknown_message] _____________________

name = '04_unknown_message'
test_path = PosixPath('/home/j2kub/SOL/tests/integration/04_unknown_message.test')

    @pytest.mark.parametrize(
        "name,test_path",
        _CASES,
        ids=[c[0] for c in _CASES],
    )
    def test_integration(name: str, test_path: Path) -> None:
        """Run a single SOL26 integration test and check exit code + stdout."""
        expected_exit, xml_input = parse_test_file(test_path)
    
        result = subprocess.run(
            [sys.executable, str(INTERPRETER)],
            input=xml_input,
            capture_output=True,
            text=True,
            timeout=10,
        )
    
>       assert result.returncode == expected_exit, (
            f"Exit code mismatch:\n"
            f"  expected : {expected_exit}\n"
            f"  actual   : {result.returncode}\n"
            f"  stderr   : {result.stderr.strip()}"
        )
E       AssertionError: Exit code mismatch:
E           expected : 51
E           actual   : 10
E           stderr   : usage: solint.py [-h] -s SOURCE [-i INPUT] [-v]
E         solint.py: error: the following arguments are required: -s/--source
E         Error 10 (GENERAL_OPTIONS)
E       assert 10 == 51
E        +  where 10 = CompletedProcess(args=['/mnt/c/Users/kubog/OneDrive/Počítač/FIT/SOL/.venv/bin/python3', '/home/j2kub/SOL/python/int/src/solint.py'], returncode=10, stdout='', stderr='usage: solint.py [-h] -s SOURCE [-i INPUT] [-v]\nsolint.py: error: the following arguments are required: -s/--source\nError 10 (GENERAL_OPTIONS)\n').returncode

test_integration.py:48: AssertionError
___________________ test_integration[05_integer_arithmetic] ____________________

name = '05_integer_arithmetic'
test_path = PosixPath('/home/j2kub/SOL/tests/integration/05_integer_arithmetic.test')

    @pytest.mark.parametrize(
        "name,test_path",
        _CASES,
        ids=[c[0] for c in _CASES],
    )
    def test_integration(name: str, test_path: Path) -> None:
        """Run a single SOL26 integration test and check exit code + stdout."""
        expected_exit, xml_input = parse_test_file(test_path)
    
        result = subprocess.run(
            [sys.executable, str(INTERPRETER)],
            input=xml_input,
            capture_output=True,
            text=True,
            timeout=10,
        )
    
>       assert result.returncode == expected_exit, (
            f"Exit code mismatch:\n"
            f"  expected : {expected_exit}\n"
            f"  actual   : {result.returncode}\n"
            f"  stderr   : {result.stderr.strip()}"
        )
E       AssertionError: Exit code mismatch:
E           expected : 0
E           actual   : 10
E           stderr   : usage: solint.py [-h] -s SOURCE [-i INPUT] [-v]
E         solint.py: error: the following arguments are required: -s/--source
E         Error 10 (GENERAL_OPTIONS)
E       assert 10 == 0
E        +  where 10 = CompletedProcess(args=['/mnt/c/Users/kubog/OneDrive/Počítač/FIT/SOL/.venv/bin/python3', '/home/j2kub/SOL/python/int/src/solint.py'], returncode=10, stdout='', stderr='usage: solint.py [-h] -s SOURCE [-i INPUT] [-v]\nsolint.py: error: the following arguments are required: -s/--source\nError 10 (GENERAL_OPTIONS)\n').returncode

test_integration.py:48: AssertionError
_______________________ test_integration[06_inheritance] _______________________

name = '06_inheritance'
test_path = PosixPath('/home/j2kub/SOL/tests/integration/06_inheritance.test')

    @pytest.mark.parametrize(
        "name,test_path",
        _CASES,
        ids=[c[0] for c in _CASES],
    )
    def test_integration(name: str, test_path: Path) -> None:
        """Run a single SOL26 integration test and check exit code + stdout."""
        expected_exit, xml_input = parse_test_file(test_path)
    
        result = subprocess.run(
            [sys.executable, str(INTERPRETER)],
            input=xml_input,
            capture_output=True,
            text=True,
            timeout=10,
        )
    
>       assert result.returncode == expected_exit, (
            f"Exit code mismatch:\n"
            f"  expected : {expected_exit}\n"
            f"  actual   : {result.returncode}\n"
            f"  stderr   : {result.stderr.strip()}"
        )
E       AssertionError: Exit code mismatch:
E           expected : 0
E           actual   : 10
E           stderr   : usage: solint.py [-h] -s SOURCE [-i INPUT] [-v]
E         solint.py: error: the following arguments are required: -s/--source
E         Error 10 (GENERAL_OPTIONS)
E       assert 10 == 0
E        +  where 10 = CompletedProcess(args=['/mnt/c/Users/kubog/OneDrive/Počítač/FIT/SOL/.venv/bin/python3', '/home/j2kub/SOL/python/int/src/solint.py'], returncode=10, stdout='', stderr='usage: solint.py [-h] -s SOURCE [-i INPUT] [-v]\nsolint.py: error: the following arguments are required: -s/--source\nError 10 (GENERAL_OPTIONS)\n').returncode

test_integration.py:48: AssertionError
___________________ test_integration[07_attribute_collision] ___________________

name = '07_attribute_collision'
test_path = PosixPath('/home/j2kub/SOL/tests/integration/07_attribute_collision.test')

    @pytest.mark.parametrize(
        "name,test_path",
        _CASES,
        ids=[c[0] for c in _CASES],
    )
    def test_integration(name: str, test_path: Path) -> None:
        """Run a single SOL26 integration test and check exit code + stdout."""
        expected_exit, xml_input = parse_test_file(test_path)
    
        result = subprocess.run(
            [sys.executable, str(INTERPRETER)],
            input=xml_input,
            capture_output=True,
            text=True,
            timeout=10,
        )
    
>       assert result.returncode == expected_exit, (
            f"Exit code mismatch:\n"
            f"  expected : {expected_exit}\n"
            f"  actual   : {result.returncode}\n"
            f"  stderr   : {result.stderr.strip()}"
        )
E       AssertionError: Exit code mismatch:
E           expected : 54
E           actual   : 10
E           stderr   : usage: solint.py [-h] -s SOURCE [-i INPUT] [-v]
E         solint.py: error: the following arguments are required: -s/--source
E         Error 10 (GENERAL_OPTIONS)
E       assert 10 == 54
E        +  where 10 = CompletedProcess(args=['/mnt/c/Users/kubog/OneDrive/Počítač/FIT/SOL/.venv/bin/python3', '/home/j2kub/SOL/python/int/src/solint.py'], returncode=10, stdout='', stderr='usage: solint.py [-h] -s SOURCE [-i INPUT] [-v]\nsolint.py: error: the following arguments are required: -s/--source\nError 10 (GENERAL_OPTIONS)\n').returncode

test_integration.py:48: AssertionError
______________________ test_integration[08_string_concat] ______________________

name = '08_string_concat'
test_path = PosixPath('/home/j2kub/SOL/tests/integration/08_string_concat.test')

    @pytest.mark.parametrize(
        "name,test_path",
        _CASES,
        ids=[c[0] for c in _CASES],
    )
    def test_integration(name: str, test_path: Path) -> None:
        """Run a single SOL26 integration test and check exit code + stdout."""
        expected_exit, xml_input = parse_test_file(test_path)
    
        result = subprocess.run(
            [sys.executable, str(INTERPRETER)],
            input=xml_input,
            capture_output=True,
            text=True,
            timeout=10,
        )
    
>       assert result.returncode == expected_exit, (
            f"Exit code mismatch:\n"
            f"  expected : {expected_exit}\n"
            f"  actual   : {result.returncode}\n"
            f"  stderr   : {result.stderr.strip()}"
        )
E       AssertionError: Exit code mismatch:
E           expected : 0
E           actual   : 10
E           stderr   : usage: solint.py [-h] -s SOURCE [-i INPUT] [-v]
E         solint.py: error: the following arguments are required: -s/--source
E         Error 10 (GENERAL_OPTIONS)
E       assert 10 == 0
E        +  where 10 = CompletedProcess(args=['/mnt/c/Users/kubog/OneDrive/Počítač/FIT/SOL/.venv/bin/python3', '/home/j2kub/SOL/python/int/src/solint.py'], returncode=10, stdout='', stderr='usage: solint.py [-h] -s SOURCE [-i INPUT] [-v]\nsolint.py: error: the following arguments are required: -s/--source\nError 10 (GENERAL_OPTIONS)\n').returncode

test_integration.py:48: AssertionError
____________________ test_integration[09_division_by_zero] _____________________

name = '09_division_by_zero'
test_path = PosixPath('/home/j2kub/SOL/tests/integration/09_division_by_zero.test')

    @pytest.mark.parametrize(
        "name,test_path",
        _CASES,
        ids=[c[0] for c in _CASES],
    )
    def test_integration(name: str, test_path: Path) -> None:
        """Run a single SOL26 integration test and check exit code + stdout."""
        expected_exit, xml_input = parse_test_file(test_path)
    
        result = subprocess.run(
            [sys.executable, str(INTERPRETER)],
            input=xml_input,
            capture_output=True,
            text=True,
            timeout=10,
        )
    
>       assert result.returncode == expected_exit, (
            f"Exit code mismatch:\n"
            f"  expected : {expected_exit}\n"
            f"  actual   : {result.returncode}\n"
            f"  stderr   : {result.stderr.strip()}"
        )
E       AssertionError: Exit code mismatch:
E           expected : 53
E           actual   : 10
E           stderr   : usage: solint.py [-h] -s SOURCE [-i INPUT] [-v]
E         solint.py: error: the following arguments are required: -s/--source
E         Error 10 (GENERAL_OPTIONS)
E       assert 10 == 53
E        +  where 10 = CompletedProcess(args=['/mnt/c/Users/kubog/OneDrive/Počítač/FIT/SOL/.venv/bin/python3', '/home/j2kub/SOL/python/int/src/solint.py'], returncode=10, stdout='', stderr='usage: solint.py [-h] -s SOURCE [-i INPUT] [-v]\nsolint.py: error: the following arguments are required: -s/--source\nError 10 (GENERAL_OPTIONS)\n').returncode

test_integration.py:48: AssertionError
_____________________ test_integration[10_modulo_by_zero] ______________________

name = '10_modulo_by_zero'
test_path = PosixPath('/home/j2kub/SOL/tests/integration/10_modulo_by_zero.test')

    @pytest.mark.parametrize(
        "name,test_path",
        _CASES,
        ids=[c[0] for c in _CASES],
    )
    def test_integration(name: str, test_path: Path) -> None:
        """Run a single SOL26 integration test and check exit code + stdout."""
        expected_exit, xml_input = parse_test_file(test_path)
    
        result = subprocess.run(
            [sys.executable, str(INTERPRETER)],
            input=xml_input,
            capture_output=True,
            text=True,
            timeout=10,
        )
    
>       assert result.returncode == expected_exit, (
            f"Exit code mismatch:\n"
            f"  expected : {expected_exit}\n"
            f"  actual   : {result.returncode}\n"
            f"  stderr   : {result.stderr.strip()}"
        )
E       AssertionError: Exit code mismatch:
E           expected : 53
E           actual   : 10
E           stderr   : usage: solint.py [-h] -s SOURCE [-i INPUT] [-v]
E         solint.py: error: the following arguments are required: -s/--source
E         Error 10 (GENERAL_OPTIONS)
E       assert 10 == 53
E        +  where 10 = CompletedProcess(args=['/mnt/c/Users/kubog/OneDrive/Počítač/FIT/SOL/.venv/bin/python3', '/home/j2kub/SOL/python/int/src/solint.py'], returncode=10, stdout='', stderr='usage: solint.py [-h] -s SOURCE [-i INPUT] [-v]\nsolint.py: error: the following arguments are required: -s/--source\nError 10 (GENERAL_OPTIONS)\n').returncode

test_integration.py:48: AssertionError
_________________ test_integration[11_uninitialized_variable] __________________

name = '11_uninitialized_variable'
test_path = PosixPath('/home/j2kub/SOL/tests/integration/11_uninitialized_variable.test')

    @pytest.mark.parametrize(
        "name,test_path",
        _CASES,
        ids=[c[0] for c in _CASES],
    )
    def test_integration(name: str, test_path: Path) -> None:
        """Run a single SOL26 integration test and check exit code + stdout."""
        expected_exit, xml_input = parse_test_file(test_path)
    
        result = subprocess.run(
            [sys.executable, str(INTERPRETER)],
            input=xml_input,
            capture_output=True,
            text=True,
            timeout=10,
        )
    
>       assert result.returncode == expected_exit, (
            f"Exit code mismatch:\n"
            f"  expected : {expected_exit}\n"
            f"  actual   : {result.returncode}\n"
            f"  stderr   : {result.stderr.strip()}"
        )
E       AssertionError: Exit code mismatch:
E           expected : 32
E           actual   : 10
E           stderr   : usage: solint.py [-h] -s SOURCE [-i INPUT] [-v]
E         solint.py: error: the following arguments are required: -s/--source
E         Error 10 (GENERAL_OPTIONS)
E       assert 10 == 32
E        +  where 10 = CompletedProcess(args=['/mnt/c/Users/kubog/OneDrive/Počítač/FIT/SOL/.venv/bin/python3', '/home/j2kub/SOL/python/int/src/solint.py'], returncode=10, stdout='', stderr='usage: solint.py [-h] -s SOURCE [-i INPUT] [-v]\nsolint.py: error: the following arguments are required: -s/--source\nError 10 (GENERAL_OPTIONS)\n').returncode

test_integration.py:48: AssertionError
___________________ test_integration[12_missing_run_method] ____________________

name = '12_missing_run_method'
test_path = PosixPath('/home/j2kub/SOL/tests/integration/12_missing_run_method.test')

    @pytest.mark.parametrize(
        "name,test_path",
        _CASES,
        ids=[c[0] for c in _CASES],
    )
    def test_integration(name: str, test_path: Path) -> None:
        """Run a single SOL26 integration test and check exit code + stdout."""
        expected_exit, xml_input = parse_test_file(test_path)
    
        result = subprocess.run(
            [sys.executable, str(INTERPRETER)],
            input=xml_input,
            capture_output=True,
            text=True,
            timeout=10,
        )
    
>       assert result.returncode == expected_exit, (
            f"Exit code mismatch:\n"
            f"  expected : {expected_exit}\n"
            f"  actual   : {result.returncode}\n"
            f"  stderr   : {result.stderr.strip()}"
        )
E       AssertionError: Exit code mismatch:
E           expected : 31
E           actual   : 10
E           stderr   : usage: solint.py [-h] -s SOURCE [-i INPUT] [-v]
E         solint.py: error: the following arguments are required: -s/--source
E         Error 10 (GENERAL_OPTIONS)
E       assert 10 == 31
E        +  where 10 = CompletedProcess(args=['/mnt/c/Users/kubog/OneDrive/Počítač/FIT/SOL/.venv/bin/python3', '/home/j2kub/SOL/python/int/src/solint.py'], returncode=10, stdout='', stderr='usage: solint.py [-h] -s SOURCE [-i INPUT] [-v]\nsolint.py: error: the following arguments are required: -s/--source\nError 10 (GENERAL_OPTIONS)\n').returncode

test_integration.py:48: AssertionError
_____________________ test_integration[13_duplicate_class] _____________________

name = '13_duplicate_class'
test_path = PosixPath('/home/j2kub/SOL/tests/integration/13_duplicate_class.test')

    @pytest.mark.parametrize(
        "name,test_path",
        _CASES,
        ids=[c[0] for c in _CASES],
    )
    def test_integration(name: str, test_path: Path) -> None:
        """Run a single SOL26 integration test and check exit code + stdout."""
        expected_exit, xml_input = parse_test_file(test_path)
    
        result = subprocess.run(
            [sys.executable, str(INTERPRETER)],
            input=xml_input,
            capture_output=True,
            text=True,
            timeout=10,
        )
    
>       assert result.returncode == expected_exit, (
            f"Exit code mismatch:\n"
            f"  expected : {expected_exit}\n"
            f"  actual   : {result.returncode}\n"
            f"  stderr   : {result.stderr.strip()}"
        )
E       AssertionError: Exit code mismatch:
E           expected : 35
E           actual   : 10
E           stderr   : usage: solint.py [-h] -s SOURCE [-i INPUT] [-v]
E         solint.py: error: the following arguments are required: -s/--source
E         Error 10 (GENERAL_OPTIONS)
E       assert 10 == 35
E        +  where 10 = CompletedProcess(args=['/mnt/c/Users/kubog/OneDrive/Počítač/FIT/SOL/.venv/bin/python3', '/home/j2kub/SOL/python/int/src/solint.py'], returncode=10, stdout='', stderr='usage: solint.py [-h] -s SOURCE [-i INPUT] [-v]\nsolint.py: error: the following arguments are required: -s/--source\nError 10 (GENERAL_OPTIONS)\n').returncode

test_integration.py:48: AssertionError
_____________________ test_integration[14_assign_to_param] _____________________

name = '14_assign_to_param'
test_path = PosixPath('/home/j2kub/SOL/tests/integration/14_assign_to_param.test')

    @pytest.mark.parametrize(
        "name,test_path",
        _CASES,
        ids=[c[0] for c in _CASES],
    )
    def test_integration(name: str, test_path: Path) -> None:
        """Run a single SOL26 integration test and check exit code + stdout."""
        expected_exit, xml_input = parse_test_file(test_path)
    
        result = subprocess.run(
            [sys.executable, str(INTERPRETER)],
            input=xml_input,
            capture_output=True,
            text=True,
            timeout=10,
        )
    
>       assert result.returncode == expected_exit, (
            f"Exit code mismatch:\n"
            f"  expected : {expected_exit}\n"
            f"  actual   : {result.returncode}\n"
            f"  stderr   : {result.stderr.strip()}"
        )
E       AssertionError: Exit code mismatch:
E           expected : 34
E           actual   : 10
E           stderr   : usage: solint.py [-h] -s SOURCE [-i INPUT] [-v]
E         solint.py: error: the following arguments are required: -s/--source
E         Error 10 (GENERAL_OPTIONS)
E       assert 10 == 34
E        +  where 10 = CompletedProcess(args=['/mnt/c/Users/kubog/OneDrive/Počítač/FIT/SOL/.venv/bin/python3', '/home/j2kub/SOL/python/int/src/solint.py'], returncode=10, stdout='', stderr='usage: solint.py [-h] -s SOURCE [-i INPUT] [-v]\nsolint.py: error: the following arguments are required: -s/--source\nError 10 (GENERAL_OPTIONS)\n').returncode

test_integration.py:48: AssertionError
__________________ test_integration[15_unknown_parent_class] ___________________

name = '15_unknown_parent_class'
test_path = PosixPath('/home/j2kub/SOL/tests/integration/15_unknown_parent_class.test')

    @pytest.mark.parametrize(
        "name,test_path",
        _CASES,
        ids=[c[0] for c in _CASES],
    )
    def test_integration(name: str, test_path: Path) -> None:
        """Run a single SOL26 integration test and check exit code + stdout."""
        expected_exit, xml_input = parse_test_file(test_path)
    
        result = subprocess.run(
            [sys.executable, str(INTERPRETER)],
            input=xml_input,
            capture_output=True,
            text=True,
            timeout=10,
        )
    
>       assert result.returncode == expected_exit, (
            f"Exit code mismatch:\n"
            f"  expected : {expected_exit}\n"
            f"  actual   : {result.returncode}\n"
            f"  stderr   : {result.stderr.strip()}"
        )
E       AssertionError: Exit code mismatch:
E           expected : 32
E           actual   : 10
E           stderr   : usage: solint.py [-h] -s SOURCE [-i INPUT] [-v]
E         solint.py: error: the following arguments are required: -s/--source
E         Error 10 (GENERAL_OPTIONS)
E       assert 10 == 32
E        +  where 10 = CompletedProcess(args=['/mnt/c/Users/kubog/OneDrive/Počítač/FIT/SOL/.venv/bin/python3', '/home/j2kub/SOL/python/int/src/solint.py'], returncode=10, stdout='', stderr='usage: solint.py [-h] -s SOURCE [-i INPUT] [-v]\nsolint.py: error: the following arguments are required: -s/--source\nError 10 (GENERAL_OPTIONS)\n').returncode

test_integration.py:48: AssertionError
_____________________ test_integration[16_while_true_loop] _____________________

name = '16_while_true_loop'
test_path = PosixPath('/home/j2kub/SOL/tests/integration/16_while_true_loop.test')

    @pytest.mark.parametrize(
        "name,test_path",
        _CASES,
        ids=[c[0] for c in _CASES],
    )
    def test_integration(name: str, test_path: Path) -> None:
        """Run a single SOL26 integration test and check exit code + stdout."""
        expected_exit, xml_input = parse_test_file(test_path)
    
        result = subprocess.run(
            [sys.executable, str(INTERPRETER)],
            input=xml_input,
            capture_output=True,
            text=True,
            timeout=10,
        )
    
>       assert result.returncode == expected_exit, (
            f"Exit code mismatch:\n"
            f"  expected : {expected_exit}\n"
            f"  actual   : {result.returncode}\n"
            f"  stderr   : {result.stderr.strip()}"
        )
E       AssertionError: Exit code mismatch:
E           expected : 0
E           actual   : 10
E           stderr   : usage: solint.py [-h] -s SOURCE [-i INPUT] [-v]
E         solint.py: error: the following arguments are required: -s/--source
E         Error 10 (GENERAL_OPTIONS)
E       assert 10 == 0
E        +  where 10 = CompletedProcess(args=['/mnt/c/Users/kubog/OneDrive/Počítač/FIT/SOL/.venv/bin/python3', '/home/j2kub/SOL/python/int/src/solint.py'], returncode=10, stdout='', stderr='usage: solint.py [-h] -s SOURCE [-i INPUT] [-v]\nsolint.py: error: the following arguments are required: -s/--source\nError 10 (GENERAL_OPTIONS)\n').returncode

test_integration.py:48: AssertionError
______________________ test_integration[17_times_repeat] _______________________

name = '17_times_repeat'
test_path = PosixPath('/home/j2kub/SOL/tests/integration/17_times_repeat.test')

    @pytest.mark.parametrize(
        "name,test_path",
        _CASES,
        ids=[c[0] for c in _CASES],
    )
    def test_integration(name: str, test_path: Path) -> None:
        """Run a single SOL26 integration test and check exit code + stdout."""
        expected_exit, xml_input = parse_test_file(test_path)
    
        result = subprocess.run(
            [sys.executable, str(INTERPRETER)],
            input=xml_input,
            capture_output=True,
            text=True,
            timeout=10,
        )
    
>       assert result.returncode == expected_exit, (
            f"Exit code mismatch:\n"
            f"  expected : {expected_exit}\n"
            f"  actual   : {result.returncode}\n"
            f"  stderr   : {result.stderr.strip()}"
        )
E       AssertionError: Exit code mismatch:
E           expected : 0
E           actual   : 10
E           stderr   : usage: solint.py [-h] -s SOURCE [-i INPUT] [-v]
E         solint.py: error: the following arguments are required: -s/--source
E         Error 10 (GENERAL_OPTIONS)
E       assert 10 == 0
E        +  where 10 = CompletedProcess(args=['/mnt/c/Users/kubog/OneDrive/Počítač/FIT/SOL/.venv/bin/python3', '/home/j2kub/SOL/python/int/src/solint.py'], returncode=10, stdout='', stderr='usage: solint.py [-h] -s SOURCE [-i INPUT] [-v]\nsolint.py: error: the following arguments are required: -s/--source\nError 10 (GENERAL_OPTIONS)\n').returncode

test_integration.py:48: AssertionError
____________________ test_integration[18_times_repeat_zero] ____________________

name = '18_times_repeat_zero'
test_path = PosixPath('/home/j2kub/SOL/tests/integration/18_times_repeat_zero.test')

    @pytest.mark.parametrize(
        "name,test_path",
        _CASES,
        ids=[c[0] for c in _CASES],
    )
    def test_integration(name: str, test_path: Path) -> None:
        """Run a single SOL26 integration test and check exit code + stdout."""
        expected_exit, xml_input = parse_test_file(test_path)
    
        result = subprocess.run(
            [sys.executable, str(INTERPRETER)],
            input=xml_input,
            capture_output=True,
            text=True,
            timeout=10,
        )
    
>       assert result.returncode == expected_exit, (
            f"Exit code mismatch:\n"
            f"  expected : {expected_exit}\n"
            f"  actual   : {result.returncode}\n"
            f"  stderr   : {result.stderr.strip()}"
        )
E       AssertionError: Exit code mismatch:
E           expected : 0
E           actual   : 10
E           stderr   : usage: solint.py [-h] -s SOURCE [-i INPUT] [-v]
E         solint.py: error: the following arguments are required: -s/--source
E         Error 10 (GENERAL_OPTIONS)
E       assert 10 == 0
E        +  where 10 = CompletedProcess(args=['/mnt/c/Users/kubog/OneDrive/Počítač/FIT/SOL/.venv/bin/python3', '/home/j2kub/SOL/python/int/src/solint.py'], returncode=10, stdout='', stderr='usage: solint.py [-h] -s SOURCE [-i INPUT] [-v]\nsolint.py: error: the following arguments are required: -s/--source\nError 10 (GENERAL_OPTIONS)\n').returncode

test_integration.py:48: AssertionError
_____________________ test_integration[19_super_dispatch] ______________________

name = '19_super_dispatch'
test_path = PosixPath('/home/j2kub/SOL/tests/integration/19_super_dispatch.test')

    @pytest.mark.parametrize(
        "name,test_path",
        _CASES,
        ids=[c[0] for c in _CASES],
    )
    def test_integration(name: str, test_path: Path) -> None:
        """Run a single SOL26 integration test and check exit code + stdout."""
        expected_exit, xml_input = parse_test_file(test_path)
    
        result = subprocess.run(
            [sys.executable, str(INTERPRETER)],
            input=xml_input,
            capture_output=True,
            text=True,
            timeout=10,
        )
    
>       assert result.returncode == expected_exit, (
            f"Exit code mismatch:\n"
            f"  expected : {expected_exit}\n"
            f"  actual   : {result.returncode}\n"
            f"  stderr   : {result.stderr.strip()}"
        )
E       AssertionError: Exit code mismatch:
E           expected : 0
E           actual   : 10
E           stderr   : usage: solint.py [-h] -s SOURCE [-i INPUT] [-v]
E         solint.py: error: the following arguments are required: -s/--source
E         Error 10 (GENERAL_OPTIONS)
E       assert 10 == 0
E        +  where 10 = CompletedProcess(args=['/mnt/c/Users/kubog/OneDrive/Počítač/FIT/SOL/.venv/bin/python3', '/home/j2kub/SOL/python/int/src/solint.py'], returncode=10, stdout='', stderr='usage: solint.py [-h] -s SOURCE [-i INPUT] [-v]\nsolint.py: error: the following arguments are required: -s/--source\nError 10 (GENERAL_OPTIONS)\n').returncode

test_integration.py:48: AssertionError
_____________________ test_integration[20_closure_capture] _____________________

name = '20_closure_capture'
test_path = PosixPath('/home/j2kub/SOL/tests/integration/20_closure_capture.test')

    @pytest.mark.parametrize(
        "name,test_path",
        _CASES,
        ids=[c[0] for c in _CASES],
    )
    def test_integration(name: str, test_path: Path) -> None:
        """Run a single SOL26 integration test and check exit code + stdout."""
        expected_exit, xml_input = parse_test_file(test_path)
    
        result = subprocess.run(
            [sys.executable, str(INTERPRETER)],
            input=xml_input,
            capture_output=True,
            text=True,
            timeout=10,
        )
    
>       assert result.returncode == expected_exit, (
            f"Exit code mismatch:\n"
            f"  expected : {expected_exit}\n"
            f"  actual   : {result.returncode}\n"
            f"  stderr   : {result.stderr.strip()}"
        )
E       AssertionError: Exit code mismatch:
E           expected : 0
E           actual   : 10
E           stderr   : usage: solint.py [-h] -s SOURCE [-i INPUT] [-v]
E         solint.py: error: the following arguments are required: -s/--source
E         Error 10 (GENERAL_OPTIONS)
E       assert 10 == 0
E        +  where 10 = CompletedProcess(args=['/mnt/c/Users/kubog/OneDrive/Počítač/FIT/SOL/.venv/bin/python3', '/home/j2kub/SOL/python/int/src/solint.py'], returncode=10, stdout='', stderr='usage: solint.py [-h] -s SOURCE [-i INPUT] [-v]\nsolint.py: error: the following arguments are required: -s/--source\nError 10 (GENERAL_OPTIONS)\n').returncode

test_integration.py:48: AssertionError
________________ test_integration[21_string_asinteger_invalid] _________________

name = '21_string_asinteger_invalid'
test_path = PosixPath('/home/j2kub/SOL/tests/integration/21_string_asinteger_invalid.test')

    @pytest.mark.parametrize(
        "name,test_path",
        _CASES,
        ids=[c[0] for c in _CASES],
    )
    def test_integration(name: str, test_path: Path) -> None:
        """Run a single SOL26 integration test and check exit code + stdout."""
        expected_exit, xml_input = parse_test_file(test_path)
    
        result = subprocess.run(
            [sys.executable, str(INTERPRETER)],
            input=xml_input,
            capture_output=True,
            text=True,
            timeout=10,
        )
    
>       assert result.returncode == expected_exit, (
            f"Exit code mismatch:\n"
            f"  expected : {expected_exit}\n"
            f"  actual   : {result.returncode}\n"
            f"  stderr   : {result.stderr.strip()}"
        )
E       AssertionError: Exit code mismatch:
E           expected : 0
E           actual   : 10
E           stderr   : usage: solint.py [-h] -s SOURCE [-i INPUT] [-v]
E         solint.py: error: the following arguments are required: -s/--source
E         Error 10 (GENERAL_OPTIONS)
E       assert 10 == 0
E        +  where 10 = CompletedProcess(args=['/mnt/c/Users/kubog/OneDrive/Počítač/FIT/SOL/.venv/bin/python3', '/home/j2kub/SOL/python/int/src/solint.py'], returncode=10, stdout='', stderr='usage: solint.py [-h] -s SOURCE [-i INPUT] [-v]\nsolint.py: error: the following arguments are required: -s/--source\nError 10 (GENERAL_OPTIONS)\n').returncode

test_integration.py:48: AssertionError
____________________ test_integration[22_block_wrong_arity] ____________________

name = '22_block_wrong_arity'
test_path = PosixPath('/home/j2kub/SOL/tests/integration/22_block_wrong_arity.test')

    @pytest.mark.parametrize(
        "name,test_path",
        _CASES,
        ids=[c[0] for c in _CASES],
    )
    def test_integration(name: str, test_path: Path) -> None:
        """Run a single SOL26 integration test and check exit code + stdout."""
        expected_exit, xml_input = parse_test_file(test_path)
    
        result = subprocess.run(
            [sys.executable, str(INTERPRETER)],
            input=xml_input,
            capture_output=True,
            text=True,
            timeout=10,
        )
    
>       assert result.returncode == expected_exit, (
            f"Exit code mismatch:\n"
            f"  expected : {expected_exit}\n"
            f"  actual   : {result.returncode}\n"
            f"  stderr   : {result.stderr.strip()}"
        )
E       AssertionError: Exit code mismatch:
E           expected : 51
E           actual   : 10
E           stderr   : usage: solint.py [-h] -s SOURCE [-i INPUT] [-v]
E         solint.py: error: the following arguments are required: -s/--source
E         Error 10 (GENERAL_OPTIONS)
E       assert 10 == 51
E        +  where 10 = CompletedProcess(args=['/mnt/c/Users/kubog/OneDrive/Počítač/FIT/SOL/.venv/bin/python3', '/home/j2kub/SOL/python/int/src/solint.py'], returncode=10, stdout='', stderr='usage: solint.py [-h] -s SOURCE [-i INPUT] [-v]\nsolint.py: error: the following arguments are required: -s/--source\nError 10 (GENERAL_OPTIONS)\n').returncode

test_integration.py:48: AssertionError
____________________ test_integration[23_integer_negative] _____________________

name = '23_integer_negative'
test_path = PosixPath('/home/j2kub/SOL/tests/integration/23_integer_negative.test')

    @pytest.mark.parametrize(
        "name,test_path",
        _CASES,
        ids=[c[0] for c in _CASES],
    )
    def test_integration(name: str, test_path: Path) -> None:
        """Run a single SOL26 integration test and check exit code + stdout."""
        expected_exit, xml_input = parse_test_file(test_path)
    
        result = subprocess.run(
            [sys.executable, str(INTERPRETER)],
            input=xml_input,
            capture_output=True,
            text=True,
            timeout=10,
        )
    
>       assert result.returncode == expected_exit, (
            f"Exit code mismatch:\n"
            f"  expected : {expected_exit}\n"
            f"  actual   : {result.returncode}\n"
            f"  stderr   : {result.stderr.strip()}"
        )
E       AssertionError: Exit code mismatch:
E           expected : 0
E           actual   : 10
E           stderr   : usage: solint.py [-h] -s SOURCE [-i INPUT] [-v]
E         solint.py: error: the following arguments are required: -s/--source
E         Error 10 (GENERAL_OPTIONS)
E       assert 10 == 0
E        +  where 10 = CompletedProcess(args=['/mnt/c/Users/kubog/OneDrive/Počítač/FIT/SOL/.venv/bin/python3', '/home/j2kub/SOL/python/int/src/solint.py'], returncode=10, stdout='', stderr='usage: solint.py [-h] -s SOURCE [-i INPUT] [-v]\nsolint.py: error: the following arguments are required: -s/--source\nError 10 (GENERAL_OPTIONS)\n').returncode

test_integration.py:48: AssertionError
____________________ test_integration[24_string_substring] _____________________

name = '24_string_substring'
test_path = PosixPath('/home/j2kub/SOL/tests/integration/24_string_substring.test')

    @pytest.mark.parametrize(
        "name,test_path",
        _CASES,
        ids=[c[0] for c in _CASES],
    )
    def test_integration(name: str, test_path: Path) -> None:
        """Run a single SOL26 integration test and check exit code + stdout."""
        expected_exit, xml_input = parse_test_file(test_path)
    
        result = subprocess.run(
            [sys.executable, str(INTERPRETER)],
            input=xml_input,
            capture_output=True,
            text=True,
            timeout=10,
        )
    
>       assert result.returncode == expected_exit, (
            f"Exit code mismatch:\n"
            f"  expected : {expected_exit}\n"
            f"  actual   : {result.returncode}\n"
            f"  stderr   : {result.stderr.strip()}"
        )
E       AssertionError: Exit code mismatch:
E           expected : 0
E           actual   : 10
E           stderr   : usage: solint.py [-h] -s SOURCE [-i INPUT] [-v]
E         solint.py: error: the following arguments are required: -s/--source
E         Error 10 (GENERAL_OPTIONS)
E       assert 10 == 0
E        +  where 10 = CompletedProcess(args=['/mnt/c/Users/kubog/OneDrive/Počítač/FIT/SOL/.venv/bin/python3', '/home/j2kub/SOL/python/int/src/solint.py'], returncode=10, stdout='', stderr='usage: solint.py [-h] -s SOURCE [-i INPUT] [-v]\nsolint.py: error: the following arguments are required: -s/--source\nError 10 (GENERAL_OPTIONS)\n').returncode

test_integration.py:48: AssertionError
_____________________ test_integration[25_super_on_object] _____________________

name = '25_super_on_object'
test_path = PosixPath('/home/j2kub/SOL/tests/integration/25_super_on_object.test')

    @pytest.mark.parametrize(
        "name,test_path",
        _CASES,
        ids=[c[0] for c in _CASES],
    )
    def test_integration(name: str, test_path: Path) -> None:
        """Run a single SOL26 integration test and check exit code + stdout."""
        expected_exit, xml_input = parse_test_file(test_path)
    
        result = subprocess.run(
            [sys.executable, str(INTERPRETER)],
            input=xml_input,
            capture_output=True,
            text=True,
            timeout=10,
        )
    
>       assert result.returncode == expected_exit, (
            f"Exit code mismatch:\n"
            f"  expected : {expected_exit}\n"
            f"  actual   : {result.returncode}\n"
            f"  stderr   : {result.stderr.strip()}"
        )
E       AssertionError: Exit code mismatch:
E           expected : 51
E           actual   : 10
E           stderr   : usage: solint.py [-h] -s SOURCE [-i INPUT] [-v]
E         solint.py: error: the following arguments are required: -s/--source
E         Error 10 (GENERAL_OPTIONS)
E       assert 10 == 51
E        +  where 10 = CompletedProcess(args=['/mnt/c/Users/kubog/OneDrive/Počítač/FIT/SOL/.venv/bin/python3', '/home/j2kub/SOL/python/int/src/solint.py'], returncode=10, stdout='', stderr='usage: solint.py [-h] -s SOURCE [-i INPUT] [-v]\nsolint.py: error: the following arguments are required: -s/--source\nError 10 (GENERAL_OPTIONS)\n').returncode

test_integration.py:48: AssertionError
_____________________ test_integration[26_ifnil_ifnotnil] ______________________

name = '26_ifnil_ifnotnil'
test_path = PosixPath('/home/j2kub/SOL/tests/integration/26_ifnil_ifnotnil.test')

    @pytest.mark.parametrize(
        "name,test_path",
        _CASES,
        ids=[c[0] for c in _CASES],
    )
    def test_integration(name: str, test_path: Path) -> None:
        """Run a single SOL26 integration test and check exit code + stdout."""
        expected_exit, xml_input = parse_test_file(test_path)
    
        result = subprocess.run(
            [sys.executable, str(INTERPRETER)],
            input=xml_input,
            capture_output=True,
            text=True,
            timeout=10,
        )
    
>       assert result.returncode == expected_exit, (
            f"Exit code mismatch:\n"
            f"  expected : {expected_exit}\n"
            f"  actual   : {result.returncode}\n"
            f"  stderr   : {result.stderr.strip()}"
        )
E       AssertionError: Exit code mismatch:
E           expected : 0
E           actual   : 10
E           stderr   : usage: solint.py [-h] -s SOURCE [-i INPUT] [-v]
E         solint.py: error: the following arguments are required: -s/--source
E         Error 10 (GENERAL_OPTIONS)
E       assert 10 == 0
E        +  where 10 = CompletedProcess(args=['/mnt/c/Users/kubog/OneDrive/Počítač/FIT/SOL/.venv/bin/python3', '/home/j2kub/SOL/python/int/src/solint.py'], returncode=10, stdout='', stderr='usage: solint.py [-h] -s SOURCE [-i INPUT] [-v]\nsolint.py: error: the following arguments are required: -s/--source\nError 10 (GENERAL_OPTIONS)\n').returncode

test_integration.py:48: AssertionError
=========================== short test summary info ============================
FAILED test_integration.py::test_integration[01_empty_main] - AssertionError:...
FAILED test_integration.py::test_integration[02_transcript_show] - AssertionE...
FAILED test_integration.py::test_integration[03_missing_main] - AssertionErro...
FAILED test_integration.py::test_integration[04_unknown_message] - AssertionE...
FAILED test_integration.py::test_integration[05_integer_arithmetic] - Asserti...
FAILED test_integration.py::test_integration[06_inheritance] - AssertionError...
FAILED test_integration.py::test_integration[07_attribute_collision] - Assert...
FAILED test_integration.py::test_integration[08_string_concat] - AssertionErr...
FAILED test_integration.py::test_integration[09_division_by_zero] - Assertion...
FAILED test_integration.py::test_integration[10_modulo_by_zero] - AssertionEr...
FAILED test_integration.py::test_integration[11_uninitialized_variable] - Ass...
FAILED test_integration.py::test_integration[12_missing_run_method] - Asserti...
FAILED test_integration.py::test_integration[13_duplicate_class] - AssertionE...
FAILED test_integration.py::test_integration[14_assign_to_param] - AssertionE...
FAILED test_integration.py::test_integration[15_unknown_parent_class] - Asser...
FAILED test_integration.py::test_integration[16_while_true_loop] - AssertionE...
FAILED test_integration.py::test_integration[17_times_repeat] - AssertionErro...
FAILED test_integration.py::test_integration[18_times_repeat_zero] - Assertio...
FAILED test_integration.py::test_integration[19_super_dispatch] - AssertionEr...
FAILED test_integration.py::test_integration[20_closure_capture] - AssertionE...
FAILED test_integration.py::test_integration[21_string_asinteger_invalid] - A...
FAILED test_integration.py::test_integration[22_block_wrong_arity] - Assertio...
FAILED test_integration.py::test_integration[23_integer_negative] - Assertion...
FAILED test_integration.py::test_integration[24_string_substring] - Assertion...
FAILED test_integration.py::test_integration[25_super_on_object] - AssertionE...
FAILED test_integration.py::test_integration[26_ifnil_ifnotnil] - AssertionEr...
======================== 26 failed in 110.06s (0:01:50) ========================
